--- 2026-09-24T12:17:28+00:00 ---
11/100 Administration Officer – Butha-Buthe at Lehae Funeral Homes
[job / Administration]
deadline: TODAY
https://selibeng.com/administration-officer-butha-buthe-at-lehae-funeral-homes/

--- 2026-09-24T12:17:30+00:00 ---
11/100 Civic and Voter Education Manager at IEC
[job / Development / NGO]
deadline: tomorrow (2026-09-25)
https://selibeng.com/civic-and-voter-education-manager-at-iec/

--- 2026-09-24T12:17:33+00:00 ---
10/100 Office Administrator at Rope Access Lesotho
[job / Administration]
deadline: 2026-09-30 (6 days)
https://selibeng.com/office-administrator-at-rope-access-lesotho/

--- 2026-09-24T12:17:35+00:00 ---
11/100 Community Liaison Officer at Khubelu Joint Venture
[job / Development / NGO]
deadline: 2026-10-15 (21 days)
https://selibeng.com/community-liaison-officer-at-khubelu-joint-venture/

--- 2026-09-24T12:17:37+00:00 ---
15/100 Collections Consultant at Lesana
[job / Finance / Banking]
deadline: no deadline listed
https://selibeng.com/collections-consultant-at-lesana/

--- 2026-09-24T12:41:03+00:00 ---
6/100 Project Manager (EU WASH) at CRS Lesotho
[job / Development / NGO]
deadline: tomorrow (2026-09-25)
https://selibeng.com/pm-eu-wash-crs/

--- 2026-09-24T12:41:04+00:00 ---
27/100 Enumerators Talent Pool at World Vision
[job / Technology / Data]
deadline: 2026-09-29 (5 days)
https://selibeng.com/enumerators-talent-pool-at-world-vision/

--- 2026-09-24T12:41:04+00:00 ---
10/100 SME Banker at Nedbank Lesotho
[job / Finance / Banking]
deadline: 2026-09-30 (6 days)
https://selibeng.com/sme-banker-at-nedbank-lesotho/

--- 2026-09-24T12:41:04+00:00 ---
5/100 Personal Assistant to Director Legal Services at The Roads Directorate
[job / Administration]
deadline: 2026-09-30 (6 days)
https://selibeng.com/personal-assistant-to-director-legal-services-at-the-roads-directorate/

--- 2026-09-24T12:41:05+00:00 ---
10/100 Finance Officer (Billing and Collections) at CAS
[job / Finance / Banking]
deadline: 2026-10-02 (8 days)
https://selibeng.com/finance-officer-billing-and-collections-at-cas/

--- 2026-09-24T12:41:06+00:00 ---
10/100 Credit Control Accountant at WASCO
[job / Finance / Banking]
deadline: 2026-10-06 (12 days)
https://selibeng.com/credit-control-accountant-at-wasco/

--- 2026-09-24T12:41:06+00:00 ---
5/100 Finance Manager at LEGCO
[job / Finance / Banking]
deadline: 2026-10-07 (13 days)
https://selibeng.com/finance-manager-at-legco/

--- 2026-09-24T12:41:06+00:00 ---
3/100 mHealth Informatics Officer at BCMCF Lesotho
[job / Health / Safety]
deadline: 2026-10-09 (15 days)
matches: sql
https://selibeng.com/mhealth-officer-bcmcfl/

--- 2026-09-24T12:41:06+00:00 ---
6/100 Finance Assistant – Accounts Receivable at The African Union Development Agency
[job / Finance / Banking]
deadline: 2026-10-12 (18 days)
https://selibeng.com/finance-assistant-accounts-receivable-at-the-african-union-development-agency/

--- 2026-09-24T12:41:06+00:00 ---
6/100 Finance Assistant – Accounts Payable at The African Union Development Agency
[job / Finance / Banking]
deadline: 2026-10-12 (18 days)
https://selibeng.com/finance-assistant-accounts-payable-at-the-african-union-development-agency/

--- 2026-09-24T12:41:06+00:00 ---
10/100 Finance Manager at Mpilo Boutique Hotel
[job / Finance / Banking]
deadline: no deadline listed
https://selibeng.com/finance-manager-at-mpilo-boutique-hotel/

--- 2026-09-24T12:41:07+00:00 ---
10/100 Financial Accountant at WASCO
[job / Finance / Banking]
deadline: no deadline listed
https://selibeng.com/financial-accountant-at-wasco/

--- 2026-09-24T12:41:07+00:00 ---
5/100 Policy Officer at The European Union (EU)
[job / Development / NGO]
deadline: no deadline listed
https://selibeng.com/policy-officer-at-the-european-union-eu/

--- 2026-09-24T12:41:07+00:00 ---
15/100 Salon Receptionist
[job / Administration]
deadline: no deadline listed
https://selibeng.com/salon-receptionist/

--- 2026-09-24T15:38:34+00:00 ---
50/100 Enumerators Talent Pool at World Vision
[job / Technology / Data]
deadline: 2026-09-29 (5 days)
https://selibeng.com/enumerators-talent-pool-at-world-vision/

--- 2026-09-24T15:38:38+00:00 ---
50/100 mHealth Informatics Officer at BCMCF Lesotho
[job / Health / Safety]
deadline: 2026-10-09 (15 days)
matches: sql
https://selibeng.com/mhealth-officer-bcmcfl/

--- 2026-09-24T15:38:40+00:00 ---
44/100 M&E Data Advisor – Lesotho Consultant
[consultancy / Development / NGO]
deadline: no deadline listed
https://selibeng.com/me-data-advisor-lesotho-consultant/

--- 2026-09-24T16:35:35+00:00 ---
50/100 mHealth Informatics Officer at BCMCF Lesotho
[job / Health / Safety]
deadline: 2026-10-09 (15 days)
matches: sql
https://selibeng.com/mhealth-officer-bcmcfl/

--- 2026-09-25T08:58:48+00:00 ---
47/100 DMEAL Officer – Faith For Every Child Project at World Vision
[job / Administration]
deadline: 2026-10-04 (9 days)
matches: sql
https://selibeng.com/dmeal-officer-faith-for-every-child-project-at-world-vision/

--- 2026-09-25T13:42:05+00:00 ---
40/100 Enumerators Talent Pool at World Vision
[job / other]
deadline: 2026-09-29 (4 days)
https://selibeng.com/enumerators-talent-pool-at-world-vision/

